
declare namespace Calysto.Genesis.Web.UnitTests.Calysto.TypeLite.Model
{
	interface CustomCollection<TItem>
	{
	}

}

