<results><js:object><address_components><js:object><long_name>Grančarska ulica</long_name><short_name>Grančarska ulica</short_name><types><js:object>route</js:object></types></js:object><js:object><long_name>Zagreb County</long_name><short_name>Zagreb County</short_name><types><js:object>administrative_area_level_1</js:object><js:object>political</js:object></types></js:object><js:object><long_name>Croatia</long_name><short_name>HR</short_name><types><js:object>country</js:object><js:object>political</js:object></types></js:object><js:object><long_name>10257</long_name><short_name>10257</short_name><types><js:object>postal_code</js:object></types></js:object></address_components><formatted_address>Grančarska ulica, 10257, Croatia</formatted_address><geometry><bounds><northeast><lat>45.70725150</lat><lng>15.89462560</lng></northeast><southwest><lat>45.68408710</lat><lng>15.87981680</lng></southwest></bounds><location><lat>45.69529530</lat><lng>15.88916590</lng></location><location_type>GEOMETRIC_CENTER</location_type><viewport><northeast><lat>45.70725150</lat><lng>15.89462560</lng></northeast><southwest><lat>45.68408710</lat><lng>15.87981680</lng></southwest></viewport></geometry><partial_match>True</partial_match><types><js:object>route</js:object></types></js:object><js:object><address_components><js:object><long_name>Grančarska ulica odvojak I</long_name><short_name>Grančarska ulica odvojak I</short_name><types><js:object>route</js:object></types></js:object><js:object><long_name>Hudi Bitek</long_name><short_name>Hudi Bitek</short_name><types><js:object>locality</js:object><js:object>political</js:object></types></js:object><js:object><long_name>Zagreb County</long_name><short_name>Zagreb County</short_name><types><js:object>administrative_area_level_1</js:object><js:object>political</js:object></types></js:object><js:object><long_name>Croatia</long_name><short_name>HR</short_name><types><js:object>country</js:object><js:object>political</js:object></types></js:object><js:object><long_name>10251</long_name><short_name>10251</short_name><types><js:object>postal_code</js:object></types></js:object></address_components><formatted_address>Grančarska ulica odvojak I, 10251, Hudi Bitek, Croatia</formatted_address><geometry><bounds><northeast><lat>45.70564920</lat><lng>15.89253250</lng></northeast><southwest><lat>45.70490980</lat><lng>15.89098580</lng></southwest></bounds><location><lat>45.70531860</lat><lng>15.89179490</lng></location><location_type>GEOMETRIC_CENTER</location_type><viewport><northeast><lat>45.70662848029150</lat><lng>15.89310813029150</lng></northeast><southwest><lat>45.70393051970850</lat><lng>15.89041016970850</lng></southwest></viewport></geometry><partial_match>True</partial_match><types><js:object>route</js:object></types></js:object><js:object><address_components><js:object><long_name>Grančarska ulica odvojak I</long_name><short_name>Grančarska ulica odvojak I</short_name><types><js:object>route</js:object></types></js:object><js:object><long_name>Sobočani</long_name><short_name>Sobočani</short_name><types><js:object>locality</js:object><js:object>political</js:object></types></js:object><js:object><long_name>Općina Kloštar Ivanić</long_name><short_name>Općina Kloštar Ivanić</short_name><types><js:object>administrative_area_level_2</js:object><js:object>political</js:object></types></js:object><js:object><long_name>Zagreb County</long_name><short_name>Zagreb County</short_name><types><js:object>administrative_area_level_1</js:object><js:object>political</js:object></types></js:object><js:object><long_name>Croatia</long_name><short_name>HR</short_name><types><js:object>country</js:object><js:object>political</js:object></types></js:object><js:object><long_name>10312</long_name><short_name>10312</short_name><types><js:object>postal_code</js:object></types></js:object></address_components><formatted_address>Grančarska ulica odvojak I, 10312, Sobočani, Croatia</formatted_address><geometry><location><lat>45.73561790</lat><lng>16.45277820</lng></location><location_type>GEOMETRIC_CENTER</location_type><viewport><northeast><lat>45.73696688029150</lat><lng>16.45412718029150</lng></northeast><southwest><lat>45.73426891970851</lat><lng>16.45142921970850</lng></southwest></viewport></geometry><partial_match>True</partial_match><types><js:object>route</js:object></types></js:object></results><status>OK</status>